atuin
anyrun-git
broot
stylepak-git
nwg-look
ripgrep
nautilus
git-lfs
bitwarden
gnome-disk-utility
vesktop-bin
tesseract
tesseract-data-rus
tesseract-data-eng
tesseract-data-de
blanket
blueman
bluez
bluez-utils
brightnessctl
chezmoi
cliphist
converseen
eog
fastfetch
fish
nextcloud
fsearch
fzf
gnome-calculator
gnome-system-monitor
grim
gst-plugin-pipewire
hyprland-git
swww
hyprpicker-git
imagemagick
keyd
kitty
kvantum
mailspring
morgen-bin
mullvad-vpn-bin
neovim-git
network-manager-applet
networkmanager
node
npm
nwg-displays
obsidian
pamac
pamixer
pavucontrol
pipewire
pipewire-alsa
pipewire-audio
pipewire-jack
pipewire-pulse
polkit-kde-agent
pnpm
qt5-graphicaleffects
qt5-imageformats
qt5-quickcontrols
qt5-quickcontrols2
qt5-wayland
qt5ct
qt6-wayland
rhythmbox
slurp
starship
swappy
topgrade
tree
ttf-jetbrains-mono-nerd
udiskie
firefox
visual-studio-code-bin
brave-bin
brave-nightly-bin
nwg-panel
wg_tool
wireplumber
wlogout
wlr-randr
wlsunset-git
xdg-desktop-portal-hyprland-git
zoxide
zx
flatpak
