anyrun-git
atuin
bitwarden
blanket
visual-studio-code-bin
blueman
bluez
bluez-utils
brave-bin
brave-nightly-bin
brightnessctl
broot
chezmoi
cliphist
converseen
eog
fastfetch
firefox
fish
flatpak
fsearch
fzf
git-lfs
gnome-calculator
gnome-disk-utility
gnome-system-monitor
grim
wireguard-tools
gst-plugin-pipewire
hyprland-git
hyprpicker-git
hyprlock-git
hypridle-git
imagemagick
keyd
kitty
kvantum
mailspring
morgen-bin
mullvad-vpn-bin
nautilus
neovim-git
network-manager-applet
networkmanager
nextcloud
nodejs
npm
nwg-displays
nwg-look
nwg-panel
obsidian
pamac
pamixer
pavucontrol
pipewire
pipewire-alsa
pipewire-audio
pipewire-jack
pipewire-pulse
pnpm
polkit-kde-agent
qt5-graphicaleffects
qt5-imageformats
qt5-quickcontrols
qt5-quickcontrols2
qt5-wayland
qt5ct
qt6-wayland
rhythmbox
ripgrep
slurp
starship
stylepak-git
swappy
swww
tesseract
tesseract-data-ger
tesseract-data-eng
tesseract-data-rus
topgrade
tree
ttf-jetbrains-mono-nerd
udiskie
vesktop-bin
visual-studio-code-bin
wg_tool
wireplumber
wlr-randr
wlsunset-git
xdg-desktop-portal-hyprland-git
zoxide
zx