anyrun-git
atuin
bat
bitwarden
blanket
blueman
bluez
bluez-utils
brave-bin
brightnessctl
broot
btop
chezmoi
cliphist
converseen
eog
fastfetch
firefox
fish
flatpak
fsearch
fzf
git-lfs
gnome-calculator
gnome-disk-utility
gnome-font-viewer
gnome-system-monitor
grim
gst-plugin-pipewire
guvcview
hyprcursor
hypridle-git
hyprland-git
hyprlock-git
hyprpicker-git
imagemagick
instaloader
keyd
kitty
kvantum
mailspring
megacmd
morgen-bin
mullvad-vpn-bin
nautilus
neovim-git
networkmanager
network-manager-applet
nextcloud
nextcloud-client
nodejs
npm
nwg-displays
nwg-look
nwg-panel
obsidian
pamac
pamixer
pavucontrol
pipewire
pipewire-alsa
pipewire-audio
pipewire-jack
pipewire-pulse
pnpm
podman
polkit-kde-agent
qt5ct
qt5-graphicaleffects
qt5-imageformats
qt5-quickcontrols
qt5-quickcontrols2
qt5-wayland
qt6-wayland
rclone
rhythmbox
rhythmbox-plugin-alternative-toolbar
ripgrep
seahorse
slurp
starship
stylepak-git
swappy
swaync
swww
tesseract
tesseract-data-eng
tesseract-data-ger
tesseract-data-rus
topgrade
tree
ttf-jetbrains-mono-nerd
udiskie
vesktop-bin
visual-studio-code-bin
wg_tool
wireguard-tools
wireplumber
wlr-randr
wlsunset-git
xdg-desktop-portal-gtk
xdg-desktop-portal-hyprland-git
zoxide
zx
